<?xml version="1.0" encoding="UTF-8"?>
<testsuites name="jest tests" tests="3" failures="0" errors="0" time="0.114">
  <testsuite name="Todo API Tests" errors="0" failures="0" skipped="0" timestamp="2026-03-24T21:06:57" time="0.083" tests="3">
    <testcase classname="Todo API Tests adds 1 + 1 to equal 2" name="Todo API Tests adds 1 + 1 to equal 2" time="0.001">
    </testcase>
    <testcase classname="Todo API Tests todo item has required fields" name="Todo API Tests todo item has required fields" time="0.001">
    </testcase>
    <testcase classname="Todo API Tests todo task is a string" name="Todo API Tests todo task is a string" time="0">
    </testcase>
  </testsuite>
</testsuites>